I'm sorry, but errors were detected in your script. Please correct the
errors listed below, and try again.


File "game/options.rpy", line 65: invalid syntax
    "Main_menu_theme.mp3" fadeout 1.0
                           ^

Ren'Py Version: Ren'Py 8.2.3.24061702
Thu Aug  8 22:21:14 2024
